// Jest Snapshot v1, https://goo.gl/fbAQLP

exports[`ButtonContainer has default styles 1`] = `
.c0 {
  padding: 5px 10px;
  background-color: green;
  font-size: 20px;
  color: white;
  border: 0;
  box-shadow: none;
  border-radius: 5px;
  cursor: pointer;
  -webkit-transition: all 0.2s ease-in-out;
  transition: all 0.2s ease-in-out;
  opacity: 1;
}

.c0:hover {
  -webkit-transform: scale(0.9);
  -ms-transform: scale(0.9);
  transform: scale(0.9);
}

.c0:active {
  -webkit-transform: scale(1);
  -ms-transform: scale(1);
  transform: scale(1);
}

<button
  class="c0"
/>
`;
